../Core/Src/main.c:195:6:HAL_UARTEx_RxEventCallback	32	static
../Core/Src/main.c:222:6:HAL_UART_RxCpltCallback	16	static
../Core/Src/main.c:230:6:HAL_UART_ErrorCallback	32	static
../Core/Src/main.c:246:6:HAL_GPIO_EXTI_Callback	24	static
../Core/Src/main.c:287:17:UART_LinkReadBE32	16	static
../Core/Src/main.c:295:13:UART_LinkWriteBE32	16	static
../Core/Src/main.c:303:13:UART_LinkHexDigit	16	static
../Core/Src/main.c:309:15:UART_LinkParseHex	16	static
../Core/Src/main.c:317:13:UART_LinkBytesToHex	40	static
../Core/Src/main.c:328:16:UART_LinkHexToBytes	32	static
../Core/Src/main.c:345:13:UART_LinkXteaEncrypt	40	static
../Core/Src/main.c:362:13:UART_LinkCrypt	48	static
../Core/Src/main.c:389:17:UART_LinkMac	64	static
../Core/Src/main.c:412:16:UART_LinkShouldResync	16	static
../Core/Src/main.c:424:16:UART_LinkAcceptSeq	16	static
../Core/Src/main.c:453:13:UART_EnableSecure	4	static
../Core/Src/main.c:458:26:UART_SendCommand	256	static
../Core/Src/main.c:498:13:UART_RequestSecureHello	24	static
../Core/Src/main.c:509:16:UART_DecodeLine	160	static
../Core/Src/main.c:567:13:Relay_Open	8	static
../Core/Src/main.c:575:13:Relay_Close	8	static
../Core/Src/main.c:582:13:Enter_Unlocked	16	static
../Core/Src/main.c:596:13:Enter_Denied	8	static
../Core/Src/main.c:604:13:Show_Ready	8	static
../Core/Src/main.c:609:13:Show_ESP32_LinkState	8	static
../Core/Src/main.c:621:16:Button_IsPressed	16	static
../Core/Src/main.c:626:13:Button_PollPress	24	static
../Core/Src/main.c:638:13:Button_PollRelease	24	static
../Core/Src/main.c:649:13:Note_ESP32_Traffic	8	static
../Core/Src/main.c:651:13:Restore_LinkAwareIdle	8	static
../Core/Src/main.c:661:13:Mark_ESP32_Alive	8	static
../Core/Src/main.c:670:13:Mark_ESP32_Offline	8	static
../Core/Src/main.c:681:13:ESP32_RequestStatus	24	static
../Core/Src/main.c:689:13:ESP32_HardResetPulse	8	static
../Core/Src/main.c:696:13:ESP32_TryRecover	24	static
../Core/Src/main.c:729:13:UART1_EnqueueLine	24	static
../Core/Src/main.c:748:16:UART1_DequeueLine	24	static,ignoring_inline_asm
../Core/Src/main.c:761:16:Enroll_TotalForDisplay	24	static
../Core/Src/main.c:775:13:Parse_ESP32_Msg	32	static
../Core/Src/main.c:904:13:App_Init	16	static
../Core/Src/main.c:950:13:App_Loop	232	static
../Core/Src/main.c:1098:5:main	8	static,ignoring_inline_asm
../Core/Src/main.c:1165:6:SystemClock_Config	88	static
../Core/Src/main.c:1212:13:MX_I2C1_Init	8	static
../Core/Src/main.c:1246:13:MX_USART1_UART_Init	8	static
../Core/Src/main.c:1279:13:MX_USART2_UART_Init	8	static
../Core/Src/main.c:1312:13:MX_USART6_UART_Init	8	static
../Core/Src/main.c:1343:13:MX_DMA_Init	16	static
../Core/Src/main.c:1361:13:MX_GPIO_Init	48	static
../Core/Src/main.c:1439:6:Error_Handler	4	static,ignoring_inline_asm
