../Core/Src/main.c:197:6:HAL_UARTEx_RxEventCallback	32	static
../Core/Src/main.c:224:6:HAL_UART_RxCpltCallback	16	static
../Core/Src/main.c:232:6:HAL_UART_ErrorCallback	32	static
../Core/Src/main.c:248:6:HAL_GPIO_EXTI_Callback	24	static
../Core/Src/main.c:289:17:UART_LinkReadBE32	16	static
../Core/Src/main.c:297:13:UART_LinkWriteBE32	16	static
../Core/Src/main.c:305:13:UART_LinkHexDigit	16	static
../Core/Src/main.c:311:15:UART_LinkParseHex	16	static
../Core/Src/main.c:319:13:UART_LinkBytesToHex	40	static
../Core/Src/main.c:330:16:UART_LinkHexToBytes	32	static
../Core/Src/main.c:347:13:UART_LinkXteaEncrypt	40	static
../Core/Src/main.c:364:13:UART_LinkCrypt	48	static
../Core/Src/main.c:391:17:UART_LinkMac	64	static
../Core/Src/main.c:414:16:UART_LinkShouldResync	16	static
../Core/Src/main.c:426:16:UART_LinkAcceptSeq	16	static
../Core/Src/main.c:455:13:UART_EnableSecure	4	static
../Core/Src/main.c:460:26:UART_SendCommand	256	static
../Core/Src/main.c:500:13:UART_RequestSecureHello	24	static
../Core/Src/main.c:511:16:UART_DecodeLine	160	static
../Core/Src/main.c:569:13:Relay_Open	8	static
../Core/Src/main.c:577:13:Relay_Close	8	static
../Core/Src/main.c:584:13:Enter_Unlocked	16	static
../Core/Src/main.c:598:13:Enter_Denied	8	static
../Core/Src/main.c:606:13:Show_Ready	8	static
../Core/Src/main.c:611:13:Show_ESP32_LinkState	8	static
../Core/Src/main.c:623:16:Button_IsPressed	16	static
../Core/Src/main.c:628:13:Button_PollPress	24	static
../Core/Src/main.c:640:13:Button_PollRelease	24	static
../Core/Src/main.c:651:13:Note_ESP32_Traffic	8	static
../Core/Src/main.c:657:13:Restore_LinkAwareIdle	8	static
../Core/Src/main.c:667:13:Mark_ESP32_Alive	8	static
../Core/Src/main.c:676:13:Mark_ESP32_Offline	8	static
../Core/Src/main.c:687:13:ESP32_RequestStatus	24	static
../Core/Src/main.c:695:13:ESP32_HardResetPulse	8	static
../Core/Src/main.c:702:13:ESP32_TryRecover	24	static
../Core/Src/main.c:735:13:UART1_EnqueueLine	24	static
../Core/Src/main.c:754:16:UART1_DequeueLine	24	static,ignoring_inline_asm
../Core/Src/main.c:767:16:Enroll_TotalForDisplay	24	static
../Core/Src/main.c:781:13:Parse_ESP32_Msg	32	static
../Core/Src/main.c:910:13:App_Init	16	static
../Core/Src/main.c:957:13:App_Loop	232	static
../Core/Src/main.c:1116:5:main	8	static,ignoring_inline_asm
../Core/Src/main.c:1183:6:SystemClock_Config	88	static
../Core/Src/main.c:1230:13:MX_I2C1_Init	8	static
../Core/Src/main.c:1264:13:MX_USART1_UART_Init	8	static
../Core/Src/main.c:1297:13:MX_USART2_UART_Init	8	static
../Core/Src/main.c:1330:13:MX_USART6_UART_Init	8	static
../Core/Src/main.c:1361:13:MX_DMA_Init	16	static
../Core/Src/main.c:1379:13:MX_GPIO_Init	48	static
../Core/Src/main.c:1457:6:Error_Handler	4	static,ignoring_inline_asm
