../Core/Src/main.c:160:6:HAL_UART_RxCpltCallback	24	static
../Core/Src/main.c:193:6:HAL_UART_ErrorCallback	16	static
../Core/Src/main.c:209:6:HAL_GPIO_EXTI_Callback	24	static
../Core/Src/main.c:226:13:Relay_Open	8	static
../Core/Src/main.c:235:13:Relay_Close	8	static
../Core/Src/main.c:242:13:Enter_Unlocked	16	static
../Core/Src/main.c:256:13:Enter_Denied	8	static
../Core/Src/main.c:264:13:Show_Ready	8	static
../Core/Src/main.c:269:13:Show_ESP32_LinkState	8	static
../Core/Src/main.c:281:16:Button_IsPressed	16	static
../Core/Src/main.c:286:13:Button_PollPress	24	static
../Core/Src/main.c:309:13:Button_PollRelease	24	static
../Core/Src/main.c:330:13:Note_ESP32_Traffic	8	static
../Core/Src/main.c:335:13:Restore_LinkAwareIdle	8	static
../Core/Src/main.c:351:13:Mark_ESP32_Alive	8	static
../Core/Src/main.c:357:13:Mark_ESP32_Offline	8	static
../Core/Src/main.c:365:13:ESP32_RequestStatus	24	static
../Core/Src/main.c:377:16:UART1_DequeueLine	24	static,ignoring_inline_asm
../Core/Src/main.c:413:13:Parse_ESP32_Msg	24	static
../Core/Src/main.c:545:13:App_Init	16	static
../Core/Src/main.c:596:13:App_Loop	96	static
../Core/Src/main.c:783:5:main	8	static,ignoring_inline_asm
../Core/Src/main.c:857:6:SystemClock_Config	160	static
../Core/Src/main.c:908:13:MX_I2C1_Init	8	static
../Core/Src/main.c:960:13:MX_USART1_UART_Init	8	static
../Core/Src/main.c:995:13:MX_USART2_UART_Init	8	static
../Core/Src/main.c:1030:13:MX_USART3_UART_Init	8	static
../Core/Src/main.c:1065:13:MX_GPIO_Init	48	static
../Core/Src/main.c:1127:6:Error_Handler	4	static,ignoring_inline_asm
