../Core/Src/main.c:142:6:HAL_UART_RxCpltCallback	24	static
../Core/Src/main.c:175:6:HAL_UART_ErrorCallback	16	static
../Core/Src/main.c:191:6:HAL_GPIO_EXTI_Callback	24	static
../Core/Src/main.c:215:13:Relay_Open	8	static
../Core/Src/main.c:222:13:Relay_Close	8	static
../Core/Src/main.c:228:13:Enter_Unlocked	16	static
../Core/Src/main.c:242:13:Enter_Denied	8	static
../Core/Src/main.c:250:13:Show_Ready	8	static
../Core/Src/main.c:255:13:Show_ESP32_LinkState	8	static
../Core/Src/main.c:267:13:Note_ESP32_Traffic	8	static
../Core/Src/main.c:272:13:Restore_LinkAwareIdle	8	static
../Core/Src/main.c:288:13:Mark_ESP32_Alive	8	static
../Core/Src/main.c:294:13:Mark_ESP32_Offline	8	static
../Core/Src/main.c:302:13:ESP32_RequestStatus	24	static
../Core/Src/main.c:314:16:UART1_DequeueLine	24	static,ignoring_inline_asm
../Core/Src/main.c:350:13:Parse_ESP32_Msg	24	static
../Core/Src/main.c:482:13:App_Init	8	static
../Core/Src/main.c:525:13:App_Loop	88	static
../Core/Src/main.c:693:5:main	8	static,ignoring_inline_asm
../Core/Src/main.c:767:6:SystemClock_Config	160	static
../Core/Src/main.c:818:13:MX_I2C1_Init	8	static
../Core/Src/main.c:870:13:MX_USART1_UART_Init	8	static
../Core/Src/main.c:905:13:MX_USART2_UART_Init	8	static
../Core/Src/main.c:940:13:MX_USART3_UART_Init	8	static
../Core/Src/main.c:975:13:MX_GPIO_Init	48	static
../Core/Src/main.c:1043:6:Error_Handler	4	static,ignoring_inline_asm
