../Core/Src/main.c:169:6:HAL_UARTEx_RxEventCallback	32	static
../Core/Src/main.c:196:6:HAL_UART_RxCpltCallback	16	static
../Core/Src/main.c:204:6:HAL_UART_ErrorCallback	32	static
../Core/Src/main.c:220:6:HAL_GPIO_EXTI_Callback	24	static
../Core/Src/main.c:253:13:Relay_Open	8	static
../Core/Src/main.c:261:13:Relay_Close	8	static
../Core/Src/main.c:268:13:Enter_Unlocked	16	static
../Core/Src/main.c:282:13:Enter_Denied	8	static
../Core/Src/main.c:290:13:Show_Ready	8	static
../Core/Src/main.c:295:13:Show_ESP32_LinkState	8	static
../Core/Src/main.c:307:16:Button_IsPressed	16	static
../Core/Src/main.c:312:13:Button_PollPress	24	static
../Core/Src/main.c:324:13:Button_PollRelease	24	static
../Core/Src/main.c:335:13:Note_ESP32_Traffic	8	static
../Core/Src/main.c:337:13:Restore_LinkAwareIdle	8	static
../Core/Src/main.c:347:13:Mark_ESP32_Alive	8	static
../Core/Src/main.c:349:13:Mark_ESP32_Offline	8	static
../Core/Src/main.c:355:13:ESP32_RequestStatus	24	static
../Core/Src/main.c:363:13:UART1_EnqueueLine	24	static
../Core/Src/main.c:382:16:UART1_DequeueLine	24	static,ignoring_inline_asm
../Core/Src/main.c:395:16:Enroll_TotalForDisplay	24	static
../Core/Src/main.c:409:13:Parse_ESP32_Msg	32	static
../Core/Src/main.c:523:13:App_Init	16	static
../Core/Src/main.c:559:13:App_Loop	104	static
../Core/Src/main.c:697:5:main	8	static,ignoring_inline_asm
../Core/Src/main.c:764:6:SystemClock_Config	88	static
../Core/Src/main.c:811:13:MX_I2C1_Init	8	static
../Core/Src/main.c:845:13:MX_USART1_UART_Init	8	static
../Core/Src/main.c:878:13:MX_USART2_UART_Init	8	static
../Core/Src/main.c:911:13:MX_USART6_UART_Init	8	static
../Core/Src/main.c:942:13:MX_DMA_Init	16	static
../Core/Src/main.c:960:13:MX_GPIO_Init	48	static
../Core/Src/main.c:1028:6:Error_Handler	4	static,ignoring_inline_asm
