../Core/Src/main.c:164:6:HAL_UART_RxCpltCallback	24	static
../Core/Src/main.c:197:6:HAL_UART_ErrorCallback	16	static
../Core/Src/main.c:213:6:HAL_GPIO_EXTI_Callback	24	static
../Core/Src/main.c:230:13:Relay_Open	8	static
../Core/Src/main.c:239:13:Relay_Close	8	static
../Core/Src/main.c:246:13:Enter_Unlocked	16	static
../Core/Src/main.c:260:13:Enter_Denied	8	static
../Core/Src/main.c:268:13:Show_Ready	8	static
../Core/Src/main.c:273:13:Show_ESP32_LinkState	8	static
../Core/Src/main.c:285:16:Button_IsPressed	16	static
../Core/Src/main.c:290:13:Button_PollPress	24	static
../Core/Src/main.c:313:13:Button_PollRelease	24	static
../Core/Src/main.c:334:13:Note_ESP32_Traffic	8	static
../Core/Src/main.c:339:13:Restore_LinkAwareIdle	8	static
../Core/Src/main.c:355:13:Mark_ESP32_Alive	8	static
../Core/Src/main.c:361:13:Mark_ESP32_Offline	8	static
../Core/Src/main.c:369:13:ESP32_RequestStatus	24	static
../Core/Src/main.c:381:16:UART1_DequeueLine	24	static,ignoring_inline_asm
../Core/Src/main.c:417:13:Parse_ESP32_Msg	24	static
../Core/Src/main.c:554:13:App_Init	16	static
../Core/Src/main.c:605:13:App_Loop	96	static
../Core/Src/main.c:809:5:main	8	static,ignoring_inline_asm
../Core/Src/main.c:883:6:SystemClock_Config	160	static
../Core/Src/main.c:934:13:MX_I2C1_Init	8	static
../Core/Src/main.c:986:13:MX_USART1_UART_Init	8	static
../Core/Src/main.c:1021:13:MX_USART2_UART_Init	8	static
../Core/Src/main.c:1056:13:MX_USART3_UART_Init	8	static
../Core/Src/main.c:1091:13:MX_GPIO_Init	48	static
../Core/Src/main.c:1153:6:Error_Handler	4	static,ignoring_inline_asm
