../Core/Src/main.c:109:6:HAL_UART_RxCpltCallback	16	static
../Core/Src/main.c:133:6:HAL_GPIO_EXTI_Callback	24	static
../Core/Src/main.c:157:13:Relay_Open	8	static
../Core/Src/main.c:164:13:Relay_Close	8	static
../Core/Src/main.c:170:13:Enter_Unlocked	16	static
../Core/Src/main.c:184:13:Enter_Denied	8	static
../Core/Src/main.c:209:13:Parse_ESP32_Msg	24	static
../Core/Src/main.c:268:13:App_Init	8	static
../Core/Src/main.c:300:13:App_Loop	32	static
../Core/Src/main.c:434:5:main	8	static
../Core/Src/main.c:483:6:SystemClock_Config	160	static
../Core/Src/main.c:534:13:MX_I2C1_Init	8	static
../Core/Src/main.c:582:13:MX_USART1_UART_Init	8	static
../Core/Src/main.c:617:13:MX_USART2_UART_Init	8	static
../Core/Src/main.c:652:13:MX_USART3_UART_Init	8	static
../Core/Src/main.c:687:13:MX_GPIO_Init	64	static
../Core/Src/main.c:763:6:Error_Handler	4	static,ignoring_inline_asm
