../Core/Src/main.c:139:6:HAL_UART_RxCpltCallback	24	static
../Core/Src/main.c:172:6:HAL_UART_ErrorCallback	16	static
../Core/Src/main.c:188:6:HAL_GPIO_EXTI_Callback	24	static
../Core/Src/main.c:212:13:Relay_Open	8	static
../Core/Src/main.c:219:13:Relay_Close	8	static
../Core/Src/main.c:225:13:Enter_Unlocked	16	static
../Core/Src/main.c:239:13:Enter_Denied	8	static
../Core/Src/main.c:247:13:Show_Ready	8	static
../Core/Src/main.c:252:13:Show_ESP32_LinkState	8	static
../Core/Src/main.c:261:13:Mark_ESP32_Alive	8	static
../Core/Src/main.c:267:13:Mark_ESP32_Offline	8	static
../Core/Src/main.c:275:13:ESP32_RequestStatus	24	static
../Core/Src/main.c:287:16:UART1_DequeueLine	24	static,ignoring_inline_asm
../Core/Src/main.c:323:13:Parse_ESP32_Msg	24	static
../Core/Src/main.c:440:13:App_Init	8	static
../Core/Src/main.c:482:13:App_Loop	88	static
../Core/Src/main.c:654:5:main	8	static,ignoring_inline_asm
../Core/Src/main.c:728:6:SystemClock_Config	160	static
../Core/Src/main.c:779:13:MX_I2C1_Init	8	static
../Core/Src/main.c:831:13:MX_USART1_UART_Init	8	static
../Core/Src/main.c:866:13:MX_USART2_UART_Init	8	static
../Core/Src/main.c:901:13:MX_USART3_UART_Init	8	static
../Core/Src/main.c:936:13:MX_GPIO_Init	48	static
../Core/Src/main.c:1004:6:Error_Handler	4	static,ignoring_inline_asm
