../Core/Src/main.c:165:6:HAL_UARTEx_RxEventCallback	32	static
../Core/Src/main.c:198:6:HAL_UART_RxCpltCallback	16	static
../Core/Src/main.c:206:6:HAL_UART_ErrorCallback	32	static
../Core/Src/main.c:222:6:HAL_GPIO_EXTI_Callback	24	static
../Core/Src/main.c:255:13:Relay_Open	8	static
../Core/Src/main.c:263:13:Relay_Close	8	static
../Core/Src/main.c:270:13:Enter_Unlocked	16	static
../Core/Src/main.c:284:13:Enter_Denied	8	static
../Core/Src/main.c:292:13:Show_Ready	8	static
../Core/Src/main.c:297:13:Show_ESP32_LinkState	8	static
../Core/Src/main.c:309:16:Button_IsPressed	16	static
../Core/Src/main.c:314:13:Button_PollPress	24	static
../Core/Src/main.c:326:13:Button_PollRelease	24	static
../Core/Src/main.c:337:13:Note_ESP32_Traffic	8	static
../Core/Src/main.c:339:13:Restore_LinkAwareIdle	8	static
../Core/Src/main.c:349:13:Mark_ESP32_Alive	8	static
../Core/Src/main.c:351:13:Mark_ESP32_Offline	8	static
../Core/Src/main.c:357:13:ESP32_RequestStatus	24	static
../Core/Src/main.c:365:16:UART1_DequeueLine	24	static,ignoring_inline_asm
../Core/Src/main.c:381:13:Parse_ESP32_Msg	32	static
../Core/Src/main.c:478:13:App_Init	16	static
../Core/Src/main.c:514:13:App_Loop	104	static
../Core/Src/main.c:650:5:main	8	static,ignoring_inline_asm
../Core/Src/main.c:717:6:SystemClock_Config	88	static
../Core/Src/main.c:764:13:MX_I2C1_Init	8	static
../Core/Src/main.c:798:13:MX_USART1_UART_Init	8	static
../Core/Src/main.c:831:13:MX_USART2_UART_Init	8	static
../Core/Src/main.c:864:13:MX_USART6_UART_Init	8	static
../Core/Src/main.c:895:13:MX_DMA_Init	16	static
../Core/Src/main.c:913:13:MX_GPIO_Init	48	static
../Core/Src/main.c:981:6:Error_Handler	4	static,ignoring_inline_asm
