../Core/Src/main.c:157:6:HAL_UART_RxCpltCallback	24	static
../Core/Src/main.c:190:6:HAL_UART_ErrorCallback	16	static
../Core/Src/main.c:206:6:HAL_GPIO_EXTI_Callback	24	static
../Core/Src/main.c:223:13:Relay_Open	8	static
../Core/Src/main.c:230:13:Relay_Close	8	static
../Core/Src/main.c:236:13:Enter_Unlocked	16	static
../Core/Src/main.c:250:13:Enter_Denied	8	static
../Core/Src/main.c:258:13:Show_Ready	8	static
../Core/Src/main.c:263:13:Show_ESP32_LinkState	8	static
../Core/Src/main.c:275:16:Button_IsPressed	16	static
../Core/Src/main.c:280:13:Button_PollPress	24	static
../Core/Src/main.c:303:13:Button_PollRelease	24	static
../Core/Src/main.c:324:13:Note_ESP32_Traffic	8	static
../Core/Src/main.c:329:13:Restore_LinkAwareIdle	8	static
../Core/Src/main.c:345:13:Mark_ESP32_Alive	8	static
../Core/Src/main.c:351:13:Mark_ESP32_Offline	8	static
../Core/Src/main.c:359:13:ESP32_RequestStatus	24	static
../Core/Src/main.c:371:16:UART1_DequeueLine	24	static,ignoring_inline_asm
../Core/Src/main.c:407:13:Parse_ESP32_Msg	24	static
../Core/Src/main.c:539:13:App_Init	16	static
../Core/Src/main.c:590:13:App_Loop	96	static
../Core/Src/main.c:766:5:main	8	static,ignoring_inline_asm
../Core/Src/main.c:840:6:SystemClock_Config	160	static
../Core/Src/main.c:891:13:MX_I2C1_Init	8	static
../Core/Src/main.c:943:13:MX_USART1_UART_Init	8	static
../Core/Src/main.c:978:13:MX_USART2_UART_Init	8	static
../Core/Src/main.c:1013:13:MX_USART3_UART_Init	8	static
../Core/Src/main.c:1048:13:MX_GPIO_Init	48	static
../Core/Src/main.c:1110:6:Error_Handler	4	static,ignoring_inline_asm
