../Core/Src/ssd1306.c:107:13:OLED_Cmd	32	static
../Core/Src/ssd1306.c:113:13:OLED_Data	160	static
../Core/Src/ssd1306.c:123:13:OLED_SetCursor	16	static
../Core/Src/ssd1306.c:132:6:SSD1306_Init	16	static
../Core/Src/ssd1306.c:160:6:SSD1306_FillPage	144	static
../Core/Src/ssd1306.c:168:6:SSD1306_Clear	16	static
../Core/Src/ssd1306.c:176:6:SSD1306_WriteString	24	static
../Core/Src/ssd1306.c:203:13:draw_title	8	static
../Core/Src/ssd1306.c:209:13:draw_status	24	static
../Core/Src/ssd1306.c:220:6:SSD1306_ShowBoot	8	static
../Core/Src/ssd1306.c:227:6:SSD1306_ShowReady	8	static
../Core/Src/ssd1306.c:232:6:SSD1306_ShowScanning	8	static
../Core/Src/ssd1306.c:237:6:SSD1306_ShowUnlocked	40	static
../Core/Src/ssd1306.c:245:6:SSD1306_ShowUnlockedExit	8	static
../Core/Src/ssd1306.c:250:6:SSD1306_ShowDenied	8	static
../Core/Src/ssd1306.c:255:6:SSD1306_ShowEnrolling	8	static
../Core/Src/ssd1306.c:272:6:SSD1306_ShowEnrollStep	56	static
../Core/Src/ssd1306.c:301:6:SSD1306_ShowEnrolled	40	static
../Core/Src/ssd1306.c:308:6:SSD1306_ShowHoldDelete	56	static
../Core/Src/ssd1306.c:320:6:SSD1306_ShowDeleting	8	static
../Core/Src/ssd1306.c:325:6:SSD1306_ShowDeleted	8	static
