../Core/Src/ssd1306.c:107:13:OLED_Cmd	32	static
../Core/Src/ssd1306.c:120:13:OLED_Data	160	static
../Core/Src/ssd1306.c:130:13:OLED_SetCursor	16	static
../Core/Src/ssd1306.c:139:6:SSD1306_Init	16	static
../Core/Src/ssd1306.c:178:6:SSD1306_FillPage	144	static
../Core/Src/ssd1306.c:186:6:SSD1306_Clear	16	static
../Core/Src/ssd1306.c:194:6:SSD1306_WriteString	24	static
../Core/Src/ssd1306.c:221:13:draw_title	8	static
../Core/Src/ssd1306.c:227:13:draw_status	24	static
../Core/Src/ssd1306.c:238:6:SSD1306_ShowBoot	8	static
../Core/Src/ssd1306.c:245:6:SSD1306_ShowReady	8	static
../Core/Src/ssd1306.c:250:6:SSD1306_ShowScanning	8	static
../Core/Src/ssd1306.c:255:6:SSD1306_ShowUnlocked	40	static
../Core/Src/ssd1306.c:263:6:SSD1306_ShowUnlockedExit	8	static
../Core/Src/ssd1306.c:268:6:SSD1306_ShowDenied	8	static
../Core/Src/ssd1306.c:273:6:SSD1306_ShowEnrolling	8	static
../Core/Src/ssd1306.c:290:6:SSD1306_ShowEnrollStep	56	static
../Core/Src/ssd1306.c:319:6:SSD1306_ShowEnrolled	40	static
../Core/Src/ssd1306.c:326:6:SSD1306_ShowHoldDelete	56	static
../Core/Src/ssd1306.c:338:6:SSD1306_ShowDeleting	8	static
../Core/Src/ssd1306.c:343:6:SSD1306_ShowDeleted	8	static
