../Core/Src/ssd1306.c:107:13:OLED_Cmd	32	static
../Core/Src/ssd1306.c:113:13:OLED_Data	160	static
../Core/Src/ssd1306.c:123:13:OLED_SetCursor	16	static
../Core/Src/ssd1306.c:132:6:SSD1306_Init	16	static
../Core/Src/ssd1306.c:171:6:SSD1306_FillPage	144	static
../Core/Src/ssd1306.c:179:6:SSD1306_Clear	16	static
../Core/Src/ssd1306.c:187:6:SSD1306_WriteString	24	static
../Core/Src/ssd1306.c:214:13:draw_title	8	static
../Core/Src/ssd1306.c:220:13:draw_status	24	static
../Core/Src/ssd1306.c:231:6:SSD1306_ShowBoot	8	static
../Core/Src/ssd1306.c:238:6:SSD1306_ShowReady	8	static
../Core/Src/ssd1306.c:243:6:SSD1306_ShowScanning	8	static
../Core/Src/ssd1306.c:248:6:SSD1306_ShowUnlocked	40	static
../Core/Src/ssd1306.c:256:6:SSD1306_ShowUnlockedExit	8	static
../Core/Src/ssd1306.c:261:6:SSD1306_ShowDenied	8	static
../Core/Src/ssd1306.c:266:6:SSD1306_ShowEnrolling	8	static
../Core/Src/ssd1306.c:283:6:SSD1306_ShowEnrollStep	56	static
../Core/Src/ssd1306.c:312:6:SSD1306_ShowEnrolled	40	static
../Core/Src/ssd1306.c:319:6:SSD1306_ShowHoldDelete	56	static
../Core/Src/ssd1306.c:331:6:SSD1306_ShowDeleting	8	static
../Core/Src/ssd1306.c:336:6:SSD1306_ShowDeleted	8	static
